// Vitest Snapshot v1, https://vitest.dev/guide/snapshot.html

exports[`List > should render the list of movies 1`] = `
<div>
  <div
    class="movie-grid-list"
    data-testid="movie-grid-list"
  >
    <a
      class="movie-grid-card"
      data-discover="true"
      data-testid="movie-grid-card"
      href="/detail/668489"
    >
      <div
        class="movie-grid-poster"
      >
        <img
          alt="Havoc poster"
          src="https://image.tmdb.org/t/p/w500/r46leE6PSzLR3pnVzaxx5Q30yUF.jpg"
        />
      </div>
      <div
        class="movie-grid-title"
      >
        Havoc
      </div>
    </a>
    <a
      class="movie-grid-card"
      data-discover="true"
      data-testid="movie-grid-card"
      href="/detail/1197306"
    >
      <div
        class="movie-grid-poster"
      >
        <img
          alt="A Working Man poster"
          src="https://image.tmdb.org/t/p/w500/xUkUZ8eOnrOnnJAfusZUqKYZiDu.jpg"
        />
      </div>
      <div
        class="movie-grid-title"
      >
        A Working Man
      </div>
    </a>
    <a
      class="movie-grid-card"
      data-discover="true"
      data-testid="movie-grid-card"
      href="/detail/1233069"
    >
      <div
        class="movie-grid-poster"
      >
        <img
          alt="Exterritorial poster"
          src="https://image.tmdb.org/t/p/w500/qWTfHG8KdXwr0bqypYbNZLenh0J.jpg"
        />
      </div>
      <div
        class="movie-grid-title"
      >
        Exterritorial
      </div>
    </a>
    <a
      class="movie-grid-card"
      data-discover="true"
      data-testid="movie-grid-card"
      href="/detail/950387"
    >
      <div
        class="movie-grid-poster"
      >
        <img
          alt="A Minecraft Movie poster"
          src="https://image.tmdb.org/t/p/w500/iPPTGh2OXuIv6d7cwuoPkw8govp.jpg"
        />
      </div>
      <div
        class="movie-grid-title"
      >
        A Minecraft Movie
      </div>
    </a>
    <a
      class="movie-grid-card"
      data-discover="true"
      data-testid="movie-grid-card"
      href="/detail/1471014"
    >
      <div
        class="movie-grid-poster"
      >
        <img
          alt="Van Gogh by Vincent poster"
          src="https://image.tmdb.org/t/p/w500/z73X4WKZghBh5fri31o8P6vBEB2.jpg"
        />
      </div>
      <div
        class="movie-grid-title"
      >
        Van Gogh by Vincent
      </div>
    </a>
    <a
      class="movie-grid-card"
      data-discover="true"
      data-testid="movie-grid-card"
      href="/detail/1276073"
    >
      <div
        class="movie-grid-poster"
      >
        <img
          alt="Bullet Train Explosion poster"
          src="https://image.tmdb.org/t/p/w500/qkTKtOHK9JEEOHgPQZ0dFtzs5ML.jpg"
        />
      </div>
      <div
        class="movie-grid-title"
      >
        Bullet Train Explosion
      </div>
    </a>
    <a
      class="movie-grid-card"
      data-discover="true"
      data-testid="movie-grid-card"
      href="/detail/324544"
    >
      <div
        class="movie-grid-poster"
      >
        <img
          alt="In the Lost Lands poster"
          src="https://image.tmdb.org/t/p/w500/dDlfjR7gllmr8HTeN6rfrYhTdwX.jpg"
        />
      </div>
      <div
        class="movie-grid-title"
      >
        In the Lost Lands
      </div>
    </a>
    <a
      class="movie-grid-card"
      data-discover="true"
      data-testid="movie-grid-card"
      href="/detail/1225915"
    >
      <div
        class="movie-grid-poster"
      >
        <img
          alt="Jewel Thief: The Heist Begins poster"
          src="https://image.tmdb.org/t/p/w500/eujLbO0kf1eqWC8XpHUJdtAVW2J.jpg"
        />
      </div>
      <div
        class="movie-grid-title"
      >
        Jewel Thief: The Heist Begins
      </div>
    </a>
    <a
      class="movie-grid-card"
      data-discover="true"
      data-testid="movie-grid-card"
      href="/detail/986056"
    >
      <div
        class="movie-grid-poster"
      >
        <img
          alt="Thunderbolts* poster"
          src="https://image.tmdb.org/t/p/w500/hqcexYHbiTBfDIdDWxrxPtVndBX.jpg"
        />
      </div>
      <div
        class="movie-grid-title"
      >
        Thunderbolts*
      </div>
    </a>
    <a
      class="movie-grid-card"
      data-discover="true"
      data-testid="movie-grid-card"
      href="/detail/822119"
    >
      <div
        class="movie-grid-poster"
      >
        <img
          alt="Captain America: Brave New World poster"
          src="https://image.tmdb.org/t/p/w500/pzIddUEMWhWzfvLI3TwxUG2wGoi.jpg"
        />
      </div>
      <div
        class="movie-grid-title"
      >
        Captain America: Brave New World
      </div>
    </a>
    <a
      class="movie-grid-card"
      data-discover="true"
      data-testid="movie-grid-card"
      href="/detail/1180906"
    >
      <div
        class="movie-grid-poster"
      >
        <img
          alt="Desert Dawn poster"
          src="https://image.tmdb.org/t/p/w500/S21BfLrJSD9njucBfY3CKqp8rD.jpg"
        />
      </div>
      <div
        class="movie-grid-title"
      >
        Desert Dawn
      </div>
    </a>
    <a
      class="movie-grid-card"
      data-discover="true"
      data-testid="movie-grid-card"
      href="/detail/1233413"
    >
      <div
        class="movie-grid-poster"
      >
        <img
          alt="Sinners poster"
          src="https://image.tmdb.org/t/p/w500/jYfMTSiFFK7ffbY2lay4zyvTkEk.jpg"
        />
      </div>
      <div
        class="movie-grid-title"
      >
        Sinners
      </div>
    </a>
    <a
      class="movie-grid-card"
      data-discover="true"
      data-testid="movie-grid-card"
      href="/detail/1124620"
    >
      <div
        class="movie-grid-poster"
      >
        <img
          alt="The Monkey poster"
          src="https://image.tmdb.org/t/p/w500/yYa8Onk9ow7ukcnfp2QWVvjWYel.jpg"
        />
      </div>
      <div
        class="movie-grid-title"
      >
        The Monkey
      </div>
    </a>
    <a
      class="movie-grid-card"
      data-discover="true"
      data-testid="movie-grid-card"
      href="/detail/1153714"
    >
      <div
        class="movie-grid-poster"
      >
        <img
          alt="Death of a Unicorn poster"
          src="https://image.tmdb.org/t/p/w500/lXR32JepFwD1UHkplWqtBP1K79z.jpg"
        />
      </div>
      <div
        class="movie-grid-title"
      >
        Death of a Unicorn
      </div>
    </a>
    <a
      class="movie-grid-card"
      data-discover="true"
      data-testid="movie-grid-card"
      href="/detail/1092899"
    >
      <div
        class="movie-grid-poster"
      >
        <img
          alt="The Siege poster"
          src="https://image.tmdb.org/t/p/w500/hVh4hMzkXNLnScudbid6hDvjMPk.jpg"
        />
      </div>
      <div
        class="movie-grid-title"
      >
        The Siege
      </div>
    </a>
    <a
      class="movie-grid-card"
      data-discover="true"
      data-testid="movie-grid-card"
      href="/detail/1414048"
    >
      <div
        class="movie-grid-poster"
      >
        <img
          alt="Day of Reckoning poster"
          src="https://image.tmdb.org/t/p/w500/cVSjSQryFUERYSdOmdgJ2m0eBte.jpg"
        />
      </div>
      <div
        class="movie-grid-title"
      >
        Day of Reckoning
      </div>
    </a>
    <a
      class="movie-grid-card"
      data-discover="true"
      data-testid="movie-grid-card"
      href="/detail/348"
    >
      <div
        class="movie-grid-poster"
      >
        <img
          alt="Alien poster"
          src="https://image.tmdb.org/t/p/w500/vfrQk5IPloGg1v9Rzbh2Eg3VGyM.jpg"
        />
      </div>
      <div
        class="movie-grid-title"
      >
        Alien
      </div>
    </a>
    <a
      class="movie-grid-card"
      data-discover="true"
      data-testid="movie-grid-card"
      href="/detail/335984"
    >
      <div
        class="movie-grid-poster"
      >
        <img
          alt="Blade Runner 2049 poster"
          src="https://image.tmdb.org/t/p/w500/gajva2L0rPYkEWjzgFlBXCAVBE5.jpg"
        />
      </div>
      <div
        class="movie-grid-title"
      >
        Blade Runner 2049
      </div>
    </a>
    <a
      class="movie-grid-card"
      data-discover="true"
      data-testid="movie-grid-card"
      href="/detail/931349"
    >
      <div
        class="movie-grid-poster"
      >
        <img
          alt="Ash poster"
          src="https://image.tmdb.org/t/p/w500/5Oz39iyRuztiA8XqCNVDBuy2Ut3.jpg"
        />
      </div>
      <div
        class="movie-grid-title"
      >
        Ash
      </div>
    </a>
    <a
      class="movie-grid-card"
      data-discover="true"
      data-testid="movie-grid-card"
      href="/detail/374720"
    >
      <div
        class="movie-grid-poster"
      >
        <img
          alt="Dunkirk poster"
          src="https://image.tmdb.org/t/p/w500/b4Oe15CGLL61Ped0RAS9JpqdmCt.jpg"
        />
      </div>
      <div
        class="movie-grid-title"
      >
        Dunkirk
      </div>
    </a>
  </div>
</div>
`;
